// Jest Snapshot v1, https://goo.gl/fbAQLP

exports[`renders correctly 1`] = `
<View
  style={
    Object {
      "alignItems": "center",
      "backgroundColor": "#F5FCFF",
      "flex": 1,
      "justifyContent": "center",
    }
  }
>
  <Text
    style={
      Object {
        "fontSize": 20,
        "margin": 10,
        "textAlign": "center",
      }
    }
  >
    Welcome to React Native!
  </Text>
  <Text
    style={
      Object {
        "color": "#333333",
        "marginBottom": 5,
        "textAlign": "center",
      }
    }
  >
    To get started, edit App.js
  </Text>
  <Text
    style={
      Object {
        "color": "#333333",
        "marginBottom": 5,
        "textAlign": "center",
      }
    }
  >
    Press Cmd+R to reload,
Cmd+D or shake for dev menu
  </Text>
  <View
    style={
      Object {
        "alignItems": "center",
        "alignSelf": "center",
      }
    }
  >
    <Text
      style={
        Object {
          "color": "#999",
          "fontWeight": "bold",
        }
      }
    >
      Hello 
      !!!
    </Text>
    <View
      style={
        Object {
          "alignItems": "stretch",
          "alignSelf": "center",
          "borderWidth": 5,
          "flexDirection": "row",
          "minHeight": 70,
        }
      }
    >
      <View
        style={
          Object {
            "flex": 1,
            "paddingVertical": 0,
          }
        }
      >
        <View
          accessibilityLabel="decrement"
          accessibilityRole="button"
          accessibilityStates={Array []}
          accessible={true}
          isTVSelectable={true}
          onResponderGrant={[Function]}
          onResponderMove={[Function]}
          onResponderRelease={[Function]}
          onResponderTerminate={[Function]}
          onResponderTerminationRequest={[Function]}
          onStartShouldSetResponder={[Function]}
          style={
            Object {
              "opacity": 1,
            }
          }
        >
          <View
            style={
              Array [
                Object {},
              ]
            }
          >
            <Text
              style={
                Array [
                  Object {
                    "color": "#007AFF",
                    "fontSize": 18,
                    "padding": 8,
                    "textAlign": "center",
                  },
                  Object {
                    "color": "red",
                  },
                ]
              }
            >
              -
            </Text>
          </View>
        </View>
      </View>
      <View
        style={
          Object {
            "flex": 1,
            "paddingVertical": 0,
          }
        }
      >
        <View
          accessibilityLabel="increment"
          accessibilityRole="button"
          accessibilityStates={Array []}
          accessible={true}
          isTVSelectable={true}
          onResponderGrant={[Function]}
          onResponderMove={[Function]}
          onResponderRelease={[Function]}
          onResponderTerminate={[Function]}
          onResponderTerminationRequest={[Function]}
          onStartShouldSetResponder={[Function]}
          style={
            Object {
              "opacity": 1,
            }
          }
        >
          <View
            style={
              Array [
                Object {},
              ]
            }
          >
            <Text
              style={
                Array [
                  Object {
                    "color": "#007AFF",
                    "fontSize": 18,
                    "padding": 8,
                    "textAlign": "center",
                  },
                  Object {
                    "color": "blue",
                  },
                ]
              }
            >
              +
            </Text>
          </View>
        </View>
      </View>
    </View>
  </View>
</View>
`;
